src/pages/History.tsx(2,17): error TS6133: 'CheckCircle2' is declared but its value is never read.
src/pages/History.tsx(2,31): error TS6133: 'AlertCircle' is declared but its value is never read.
src/pages/Performance.tsx(2,27): error TS6133: 'Bar' is declared but its value is never read.
src/pages/Performance.tsx(2,32): error TS6133: 'BarChart' is declared but its value is never read.
src/pages/Performance.tsx(2,101): error TS6133: 'Line' is declared but its value is never read.
src/pages/Performance.tsx(2,107): error TS6133: 'LineChart' is declared but its value is never read.
src/pages/Performance.tsx(8,19): error TS6133: 'metrics' is declared but its value is never read.
src/pages/Performance.tsx(8,28): error TS6133: 'formatCurrency' is declared but its value is never read.
src/pages/Reports.tsx(6,5): error TS6133: 'Filter' is declared but its value is never read.
src/pages/Reports.tsx(22,28): error TS6133: 'metrics' is declared but its value is never read.
