src/context/DataContext.tsx(198,11): error TS6133: 'summary' is declared but its value is never read.
